// Jest Snapshot v1, https://goo.gl/fbAQLP

exports[`<PostCard /> should match snapshot 1`] = `
.c4 {
  text-transform: none;
  text-align: center;
  color: #008b8b;
  font-size: 4.8rem;
}

.c0 {
  max-width: 32rem;
  width: 100%;
  height: 440px;
}

.c0:hover .c3 {
  filter: brightness(1);
}

.c0:hover a:nth-child(1) {
  filter: brightness(0.5);
}

.c0 .c3 {
  font-size: 1.2rem;
  margin-bottom: 8px;
  text-align: start;
}

.c0 .c3:hover {
  filter: brightness(1);
}

.c0 p {
  font-size: 0.9rem;
  text-align: justify;
}

.c0 a:nth-child(1):hover {
  filter: brightness(0.5);
}

.c2 {
  padding: 8px 12px;
}

.c1 {
  width: 100%;
  height: 180px;
  object-fit: cover;
}

<div>
  <div
    class="c0"
    id="1"
  >
    <a
      href="/post/post-2"
    >
      <img
        alt="Post 2"
        class="c1"
        src="image.com"
      />
    </a>
    <div
      class="c2"
    >
      <a
        href="/post/post-2"
      >
        <h2
          class="c3 c4"
        >
          Post 2
        </h2>
      </a>
      <p>
        abcde
      </p>
    </div>
  </div>
</div>
`;
