// Jest Snapshot v1, https://goo.gl/fbAQLP

exports[`<ArticleMeta/> should match snapshot 1`] = `
{
  "asFragment": [Function],
  "baseElement": .c0 {
  font-style: italic;
  margin-top: 12px;
}

.c0 p {
  color: #495E57;
}

.c0 .after::after {
  content: ', ';
}

.c0 .after:last-child::after {
  content: '';
}

<body>
    <div>
      <div
        class="c0"
      >
        <p>
          Por 
          <a
            href="/author/dayane-santos"
          >
            Dayane Santos
             
          </a>
          em 
          <span>
            20/12/2023, 14:23
          </span>
           |
           
          <span>
            <a
              class="after"
              href="/category/react"
            >
              React
            </a>
            <a
              class="after"
              href="/category/js"
            >
              Javascript
            </a>
          </span>
        </p>
      </div>
    </div>
  </body>,
  "container": .c0 {
  font-style: italic;
  margin-top: 12px;
}

.c0 p {
  color: #495E57;
}

.c0 .after::after {
  content: ', ';
}

.c0 .after:last-child::after {
  content: '';
}

<div>
    <div
      class="c0"
    >
      <p>
        Por 
        <a
          href="/author/dayane-santos"
        >
          Dayane Santos
           
        </a>
        em 
        <span>
          20/12/2023, 14:23
        </span>
         |
         
        <span>
          <a
            class="after"
            href="/category/react"
          >
            React
          </a>
          <a
            class="after"
            href="/category/js"
          >
            Javascript
          </a>
        </span>
      </p>
    </div>
  </div>,
  "debug": [Function],
  "findAllByAltText": [Function],
  "findAllByDisplayValue": [Function],
  "findAllByLabelText": [Function],
  "findAllByPlaceholderText": [Function],
  "findAllByRole": [Function],
  "findAllByTestId": [Function],
  "findAllByText": [Function],
  "findAllByTitle": [Function],
  "findByAltText": [Function],
  "findByDisplayValue": [Function],
  "findByLabelText": [Function],
  "findByPlaceholderText": [Function],
  "findByRole": [Function],
  "findByTestId": [Function],
  "findByText": [Function],
  "findByTitle": [Function],
  "getAllByAltText": [Function],
  "getAllByDisplayValue": [Function],
  "getAllByLabelText": [Function],
  "getAllByPlaceholderText": [Function],
  "getAllByRole": [Function],
  "getAllByTestId": [Function],
  "getAllByText": [Function],
  "getAllByTitle": [Function],
  "getByAltText": [Function],
  "getByDisplayValue": [Function],
  "getByLabelText": [Function],
  "getByPlaceholderText": [Function],
  "getByRole": [Function],
  "getByTestId": [Function],
  "getByText": [Function],
  "getByTitle": [Function],
  "queryAllByAltText": [Function],
  "queryAllByDisplayValue": [Function],
  "queryAllByLabelText": [Function],
  "queryAllByPlaceholderText": [Function],
  "queryAllByRole": [Function],
  "queryAllByTestId": [Function],
  "queryAllByText": [Function],
  "queryAllByTitle": [Function],
  "queryByAltText": [Function],
  "queryByDisplayValue": [Function],
  "queryByLabelText": [Function],
  "queryByPlaceholderText": [Function],
  "queryByRole": [Function],
  "queryByTestId": [Function],
  "queryByText": [Function],
  "queryByTitle": [Function],
  "rerender": [Function],
  "unmount": [Function],
}
`;
