// Jest Snapshot v1, https://goo.gl/fbAQLP

exports[`<PostTag /> should match snapshot 1`] = `
.c0 {
  margin: 16px auto;
  max-width: 600px;
  width: 100%;
  color: #495E57;
}

.c0 a::after {
  content: ', ';
}

.c0 a::before {
  content: ' ';
}

.c0 a:last-child::after {
  content: '';
}

<div>
  <div
    class="c0"
  >
    Tags:
    <a
      href="/tag/jest"
    >
      Jest
    </a>
    <a
      href="/tag/next-js"
    >
      Next
    </a>
  </div>
</div>
`;
