// Jest Snapshot v1, https://goo.gl/fbAQLP

exports[`<Heading /> should match snapshot 1`] = `
.c0 {
  text-transform: none;
  text-align: center;
  color: #008b8b;
  font-size: 4.8rem;
}

<div>
  <h1
    class="c0"
  >
    TÃ­tulo
  </h1>
</div>
`;
